Archive member included to satisfy reference by file (symbol)

C:/ST/STM32CubeIDE_1.15.0/STM32CubeIDE/plugins/com.st.stm32cube.ide.mcu.externaltools.gnu-tools-for-stm32.12.3.rel1.win32_1.0.100.202403111256/tools/bin/../lib/gcc/arm-none-eabi/12.3.1/../../../../arm-none-eabi/lib/thumb/v6-m/nofp\libc_nano.a(libc_a-exit.o)
                              C:/ST/STM32CubeIDE_1.15.0/STM32CubeIDE/plugins/com.st.stm32cube.ide.mcu.externaltools.gnu-tools-for-stm32.12.3.rel1.win32_1.0.100.202403111256/tools/bin/../lib/gcc/arm-none-eabi/12.3.1/../../../../arm-none-eabi/lib/thumb/v6-m/nofp/crt0.o (exit)
C:/ST/STM32CubeIDE_1.15.0/STM32CubeIDE/plugins/com.st.stm32cube.ide.mcu.externaltools.gnu-tools-for-stm32.12.3.rel1.win32_1.0.100.202403111256/tools/bin/../lib/gcc/arm-none-eabi/12.3.1/../../../../arm-none-eabi/lib/thumb/v6-m/nofp\libc_nano.a(libc_a-findfp.o)
                              C:/ST/STM32CubeIDE_1.15.0/STM32CubeIDE/plugins/com.st.stm32cube.ide.mcu.externaltools.gnu-tools-for-stm32.12.3.rel1.win32_1.0.100.202403111256/tools/bin/../lib/gcc/arm-none-eabi/12.3.1/../../../../arm-none-eabi/lib/thumb/v6-m/nofp\libc_nano.a(libc_a-exit.o) (__stdio_exit_handler)
C:/ST/STM32CubeIDE_1.15.0/STM32CubeIDE/plugins/com.st.stm32cube.ide.mcu.externaltools.gnu-tools-for-stm32.12.3.rel1.win32_1.0.100.202403111256/tools/bin/../lib/gcc/arm-none-eabi/12.3.1/../../../../arm-none-eabi/lib/thumb/v6-m/nofp\libc_nano.a(libc_a-fwalk.o)
                              C:/ST/STM32CubeIDE_1.15.0/STM32CubeIDE/plugins/com.st.stm32cube.ide.mcu.externaltools.gnu-tools-for-stm32.12.3.rel1.win32_1.0.100.202403111256/tools/bin/../lib/gcc/arm-none-eabi/12.3.1/../../../../arm-none-eabi/lib/thumb/v6-m/nofp\libc_nano.a(libc_a-findfp.o) (_fwalk_sglue)
C:/ST/STM32CubeIDE_1.15.0/STM32CubeIDE/plugins/com.st.stm32cube.ide.mcu.externaltools.gnu-tools-for-stm32.12.3.rel1.win32_1.0.100.202403111256/tools/bin/../lib/gcc/arm-none-eabi/12.3.1/../../../../arm-none-eabi/lib/thumb/v6-m/nofp\libc_nano.a(libc_a-sprintf.o)
                              ./Core/Src/main.o (sprintf)
C:/ST/STM32CubeIDE_1.15.0/STM32CubeIDE/plugins/com.st.stm32cube.ide.mcu.externaltools.gnu-tools-for-stm32.12.3.rel1.win32_1.0.100.202403111256/tools/bin/../lib/gcc/arm-none-eabi/12.3.1/../../../../arm-none-eabi/lib/thumb/v6-m/nofp\libc_nano.a(libc_a-stdio.o)
                              C:/ST/STM32CubeIDE_1.15.0/STM32CubeIDE/plugins/com.st.stm32cube.ide.mcu.externaltools.gnu-tools-for-stm32.12.3.rel1.win32_1.0.100.202403111256/tools/bin/../lib/gcc/arm-none-eabi/12.3.1/../../../../arm-none-eabi/lib/thumb/v6-m/nofp\libc_nano.a(libc_a-findfp.o) (__sread)
C:/ST/STM32CubeIDE_1.15.0/STM32CubeIDE/plugins/com.st.stm32cube.ide.mcu.externaltools.gnu-tools-for-stm32.12.3.rel1.win32_1.0.100.202403111256/tools/bin/../lib/gcc/arm-none-eabi/12.3.1/../../../../arm-none-eabi/lib/thumb/v6-m/nofp\libc_nano.a(libc_a-memset.o)
                              C:/ST/STM32CubeIDE_1.15.0/STM32CubeIDE/plugins/com.st.stm32cube.ide.mcu.externaltools.gnu-tools-for-stm32.12.3.rel1.win32_1.0.100.202403111256/tools/bin/../lib/gcc/arm-none-eabi/12.3.1/../../../../arm-none-eabi/lib/thumb/v6-m/nofp/crt0.o (memset)
C:/ST/STM32CubeIDE_1.15.0/STM32CubeIDE/plugins/com.st.stm32cube.ide.mcu.externaltools.gnu-tools-for-stm32.12.3.rel1.win32_1.0.100.202403111256/tools/bin/../lib/gcc/arm-none-eabi/12.3.1/../../../../arm-none-eabi/lib/thumb/v6-m/nofp\libc_nano.a(libc_a-closer.o)
                              C:/ST/STM32CubeIDE_1.15.0/STM32CubeIDE/plugins/com.st.stm32cube.ide.mcu.externaltools.gnu-tools-for-stm32.12.3.rel1.win32_1.0.100.202403111256/tools/bin/../lib/gcc/arm-none-eabi/12.3.1/../../../../arm-none-eabi/lib/thumb/v6-m/nofp\libc_nano.a(libc_a-stdio.o) (_close_r)
C:/ST/STM32CubeIDE_1.15.0/STM32CubeIDE/plugins/com.st.stm32cube.ide.mcu.externaltools.gnu-tools-for-stm32.12.3.rel1.win32_1.0.100.202403111256/tools/bin/../lib/gcc/arm-none-eabi/12.3.1/../../../../arm-none-eabi/lib/thumb/v6-m/nofp\libc_nano.a(libc_a-reent.o)
                              C:/ST/STM32CubeIDE_1.15.0/STM32CubeIDE/plugins/com.st.stm32cube.ide.mcu.externaltools.gnu-tools-for-stm32.12.3.rel1.win32_1.0.100.202403111256/tools/bin/../lib/gcc/arm-none-eabi/12.3.1/../../../../arm-none-eabi/lib/thumb/v6-m/nofp\libc_nano.a(libc_a-closer.o) (errno)
C:/ST/STM32CubeIDE_1.15.0/STM32CubeIDE/plugins/com.st.stm32cube.ide.mcu.externaltools.gnu-tools-for-stm32.12.3.rel1.win32_1.0.100.202403111256/tools/bin/../lib/gcc/arm-none-eabi/12.3.1/../../../../arm-none-eabi/lib/thumb/v6-m/nofp\libc_nano.a(libc_a-impure.o)
                              C:/ST/STM32CubeIDE_1.15.0/STM32CubeIDE/plugins/com.st.stm32cube.ide.mcu.externaltools.gnu-tools-for-stm32.12.3.rel1.win32_1.0.100.202403111256/tools/bin/../lib/gcc/arm-none-eabi/12.3.1/../../../../arm-none-eabi/lib/thumb/v6-m/nofp\libc_nano.a(libc_a-sprintf.o) (_impure_ptr)
[...]
Memory Configuration

Name             Origin             Length             Attributes
RAM              0x20000000         0x00002000         xrw
FLASH            0x08000000         0x00008000         xr
*default*        0x00000000         0xffffffff

Linker script and memory map

LOAD C:/ST/STM32CubeIDE_1.15.0/STM32CubeIDE/plugins/com.st.stm32cube.ide.mcu.externaltools.gnu-tools-for-stm32.12.3.rel1.win32_1.0.100.202403111256/tools/bin/../lib/gcc/arm-none-eabi/12.3.1/thumb/v6-m/nofp/crti.o
LOAD C:/ST/STM32CubeIDE_1.15.0/STM32CubeIDE/plugins/com.st.stm32cube.ide.mcu.externaltools.gnu-tools-for-stm32.12.3.rel1.win32_1.0.100.202403111256/tools/bin/../lib/gcc/arm-none-eabi/12.3.1/thumb/v6-m/nofp/crtbegin.o
LOAD C:/ST/STM32CubeIDE_1.15.0/STM32CubeIDE/plugins/com.st.stm32cube.ide.mcu.externaltools.gnu-tools-for-stm32.12.3.rel1.win32_1.0.100.202403111256/tools/bin/../lib/gcc/arm-none-eabi/12.3.1/../../../../arm-none-eabi/lib/thumb/v6-m/nofp/crt0.o
LOAD ./Core/Src/dwt_delay.o
LOAD ./Core/Src/fonts.o
LOAD ./Core/Src/i2c-lcd.o
LOAD ./Core/Src/main.o
LOAD ./Core/Src/nRF24L01P.o
LOAD ./Core/Src/ssd1306.o
LOAD ./Core/Src/stm32g0xx_hal_msp.o
LOAD ./Core/Src/stm32g0xx_it.o
LOAD ./Core/Src/syscalls.o
LOAD ./Core/Src/sysmem.o
LOAD ./Core/Src/system_stm32g0xx.o
LOAD ./Core/Startup/startup_stm32g031f6px.o
LOAD ./Drivers/STM32G0xx_HAL_Driver/Src/stm32g0xx_hal.o
LOAD ./Drivers/STM32G0xx_HAL_Driver/Src/stm32g0xx_hal_adc.o
LOAD ./Drivers/STM32G0xx_HAL_Driver/Src/stm32g0xx_hal_adc_ex.o
LOAD ./Drivers/STM32G0xx_HAL_Driver/Src/stm32g0xx_hal_cortex.o
LOAD ./Drivers/STM32G0xx_HAL_Driver/Src/stm32g0xx_hal_dma.o
LOAD ./Drivers/STM32G0xx_HAL_Driver/Src/stm32g0xx_hal_dma_ex.o
LOAD ./Drivers/STM32G0xx_HAL_Driver/Src/stm32g0xx_hal_exti.o
LOAD ./Drivers/STM32G0xx_HAL_Driver/Src/stm32g0xx_hal_flash.o
LOAD ./Drivers/STM32G0xx_HAL_Driver/Src/stm32g0xx_hal_flash_ex.o
LOAD ./Drivers/STM32G0xx_HAL_Driver/Src/stm32g0xx_hal_gpio.o
LOAD ./Drivers/STM32G0xx_HAL_Driver/Src/stm32g0xx_hal_i2c.o
LOAD ./Drivers/STM32G0xx_HAL_Driver/Src/stm32g0xx_hal_i2c_ex.o
LOAD ./Drivers/STM32G0xx_HAL_Driver/Src/stm32g0xx_hal_pwr.o
LOAD ./Drivers/STM32G0xx_HAL_Driver/Src/stm32g0xx_hal_pwr_ex.o
LOAD ./Drivers/STM32G0xx_HAL_Driver/Src/stm32g0xx_hal_rcc.o
LOAD ./Drivers/STM32G0xx_HAL_Driver/Src/stm32g0xx_hal_rcc_ex.o
LOAD ./Drivers/STM32G0xx_HAL_Driver/Src/stm32g0xx_hal_spi.o
LOAD ./Drivers/STM32G0xx_HAL_Driver/Src/stm32g0xx_hal_spi_ex.o
LOAD ./Drivers/STM32G0xx_HAL_Driver/Src/stm32g0xx_hal_tim.o
LOAD ./Drivers/STM32G0xx_HAL_Driver/Src/stm32g0xx_hal_tim_ex.o
LOAD ./Drivers/STM32G0xx_HAL_Driver/Src/stm32g0xx_ll_adc.o
LOAD ./Drivers/STM32G0xx_HAL_Driver/Src/stm32g0xx_ll_dma.o
LOAD ./Drivers/STM32G0xx_HAL_Driver/Src/stm32g0xx_ll_rcc.o
START GROUP
LOAD C:/ST/STM32CubeIDE_1.15.0/STM32CubeIDE/plugins/com.st.stm32cube.ide.mcu.externaltools.gnu-tools-for-stm32.12.3.rel1.win32_1.0.100.202403111256/tools/bin/../lib/gcc/arm-none-eabi/12.3.1/../../../../arm-none-eabi/lib/thumb/v6-m/nofp\libc_nano.a
LOAD C:/ST/STM32CubeIDE_1.15.0/STM32CubeIDE/plugins/com.st.stm32cube.ide.mcu.externaltools.gnu-tools-for-stm32.12.3.rel1.win32_1.0.100.202403111256/tools/bin/../lib/gcc/arm-none-eabi/12.3.1/../../../../arm-none-eabi/lib/thumb/v6-m/nofp\libm.a
END GROUP
START GROUP
LOAD C:/ST/STM32CubeIDE_1.15.0/STM32CubeIDE/plugins/com.st.stm32cube.ide.mcu.externaltools.gnu-tools-for-stm32.12.3.rel1.win32_1.0.100.202403111256/tools/bin/../lib/gcc/arm-none-eabi/12.3.1/thumb/v6-m/nofp\libgcc.a
LOAD C:/ST/STM32CubeIDE_1.15.0/STM32CubeIDE/plugins/com.st.stm32cube.ide.mcu.externaltools.gnu-tools-for-stm32.12.3.rel1.win32_1.0.100.202403111256/tools/bin/../lib/gcc/arm-none-eabi/12.3.1/../../../../arm-none-eabi/lib/thumb/v6-m/nofp\libc_nano.a
END GROUP
START GROUP
LOAD C:/ST/STM32CubeIDE_1.15.0/STM32CubeIDE/plugins/com.st.stm32cube.ide.mcu.externaltools.gnu-tools-for-stm32.12.3.rel1.win32_1.0.100.202403111256/tools/bin/../lib/gcc/arm-none-eabi/12.3.1/thumb/v6-m/nofp\libgcc.a
LOAD C:/ST/STM32CubeIDE_1.15.0/STM32CubeIDE/plugins/com.st.stm32cube.ide.mcu.externaltools.gnu-tools-for-stm32.12.3.rel1.win32_1.0.100.202403111256/tools/bin/../lib/gcc/arm-none-eabi/12.3.1/../../../../arm-none-eabi/lib/thumb/v6-m/nofp\libc_nano.a
LOAD C:/ST/STM32CubeIDE_1.15.0/STM32CubeIDE/plugins/com.st.stm32cube.ide.mcu.externaltools.gnu-tools-for-stm32.12.3.rel1.win32_1.0.100.202403111256/tools/bin/../lib/gcc/arm-none-eabi/12.3.1/../../../../arm-none-eabi/lib/thumb/v6-m/nofp\libnosys.a
END GROUP
START GROUP
LOAD C:/ST/STM32CubeIDE_1.15.0/STM32CubeIDE/plugins/com.st.stm32cube.ide.mcu.externaltools.gnu-tools-for-stm32.12.3.rel1.win32_1.0.100.202403111256/tools/bin/../lib/gcc/arm-none-eabi/12.3.1/thumb/v6-m/nofp\libgcc.a
LOAD C:/ST/STM32CubeIDE_1.15.0/STM32CubeIDE/plugins/com.st.stm32cube.ide.mcu.externaltools.gnu-tools-for-stm32.12.3.rel1.win32_1.0.100.202403111256/tools/bin/../lib/gcc/arm-none-eabi/12.3.1/../../../../arm-none-eabi/lib/thumb/v6-m/nofp\libc_nano.a
LOAD C:/ST/STM32CubeIDE_1.15.0/STM32CubeIDE/plugins/com.st.stm32cube.ide.mcu.externaltools.gnu-tools-for-stm32.12.3.rel1.win32_1.0.100.202403111256/tools/bin/../lib/gcc/arm-none-eabi/12.3.1/../../../../arm-none-eabi/lib/thumb/v6-m/nofp\libnosys.a
END GROUP
LOAD C:/ST/STM32CubeIDE_1.15.0/STM32CubeIDE/plugins/com.st.stm32cube.ide.mcu.externaltools.gnu-tools-for-stm32.12.3.rel1.win32_1.0.100.202403111256/tools/bin/../lib/gcc/arm-none-eabi/12.3.1/thumb/v6-m/nofp/crtend.o
LOAD C:/ST/STM32CubeIDE_1.15.0/STM32CubeIDE/plugins/com.st.stm32cube.ide.mcu.externaltools.gnu-tools-for-stm32.12.3.rel1.win32_1.0.100.202403111256/tools/bin/../lib/gcc/arm-none-eabi/12.3.1/thumb/v6-m/nofp/crtn.o
                0x20002000                        _estack = (ORIGIN (RAM) + LENGTH (RAM))
                0x00000200                        _Min_Heap_Size = 0x200
                0x00000400                        _Min_Stack_Size = 0x400

.isr_vector     0x08000000       0xbc
                0x08000000                        . = ALIGN (0x4)
 *(.isr_vector)
 .isr_vector    0x08000000       0xbc ./Core/Startup/startup_stm32g031f6px.o
                0x08000000                g_pfnVectors
                0x080000bc                        . = ALIGN (0x4)

.text           0x080000bc     0x53f8
                0x080000bc                        . = ALIGN (0x4)
 *(.text)
 .text          0x080000bc       0x48 C:/ST/STM32CubeIDE_1.15.0/STM32CubeIDE/plugins/com.st.stm32cube.ide.mcu.externaltools.gnu-tools-for-stm32.12.3.rel1.win32_1.0.100.202403111256/tools/bin/../lib/gcc/arm-none-eabi/12.3.1/thumb/v6-m/nofp/crtbegin.o
 .text          0x08000104      0x114 C:/ST/STM32CubeIDE_1.15.0/STM32CubeIDE/plugins/com.st.stm32cube.ide.mcu.externaltools.gnu-tools-for-stm32.12.3.rel1.win32_1.0.100.202403111256/tools/bin/../lib/gcc/arm-none-eabi/12.3.1/thumb/v6-m/nofp\libgcc.a(_udivsi3.o)
                0x08000104                __aeabi_uidiv
                0x08000104                __udivsi3
                0x08000210                __aeabi_uidivmod
 .text          0x08000218        0x4 C:/ST/STM32CubeIDE_1.15.0/STM32CubeIDE/plugins/com.st.stm32cube.ide.mcu.externaltools.gnu-tools-for-stm32.12.3.rel1.win32_1.0.100.202403111256/tools/bin/../lib/gcc/arm-none-eabi/12.3.1/thumb/v6-m/nofp\libgcc.a(_dvmd_tls.o)
                0x08000218                __aeabi_idiv0
                0x08000218                __aeabi_ldiv0
 *(.text*)
 .text.DWT_Init
                0x0800021c       0x18 ./Core/Src/dwt_delay.o
                0x0800021c                DWT_Init
 .text.main     0x08000234       0x44 ./Core/Src/main.o
                0x08000234                main
 .text.SystemClock_Config
                0x08000278       0xbc ./Core/Src/main.o
                0x08000278                SystemClock_Config
 .text.MX_ADC1_Init
                0x08000334       0xcc ./Core/Src/main.o
 .text.MX_I2C1_Init
                0x08000400       0x80 ./Core/Src/main.o
 .text.MX_SPI1_Init
                0x08000480       0x7c ./Core/Src/main.o
 .text.MX_TIM1_Init
                0x080004fc       0xb8 ./Core/Src/main.o
 .text.MX_DMA_Init
                0x080005b4       0x3c ./Core/Src/main.o
 .text.MX_GPIO_Init
                0x080005f0       0xec ./Core/Src/main.o
 .text.NRF_main_init
                0x080006dc       0xbc ./Core/Src/main.o
                0x080006dc                NRF_main_init
 .text.Error_Handler
                0x08000798        0xc ./Core/Src/main.o
                0x08000798                Error_Handler
 .text.HAL_nRF24L01P_Init
                0x080007a4      0x316 ./Core/Src/nRF24L01P.o
                0x080007a4                HAL_nRF24L01P_Init
 *fill*         0x08000aba        0x2 
 .text.HAL_nRF24L01P_SetPRXWidth
                0x08000abc       0xa4 ./Core/Src/nRF24L01P.o
                0x08000abc                HAL_nRF24L01P_SetPRXWidth
 .text.HAL_nRF24L01P_SetPTXAddress
                0x08000b60       0x2e ./Core/Src/nRF24L01P.o
                0x08000b60                HAL_nRF24L01P_SetPTXAddress
 *fill*         0x08000b8e        0x2 
 .text.HAL_nRF24L01P_SetPRXAddress
                0x08000b90       0xc8 ./Core/Src/nRF24L01P.o
                0x08000b90                HAL_nRF24L01P_SetPRXAddress
 .text.HAL_nRF24L01P_DPLPipe
                0x08000c58       0x98 ./Core/Src/nRF24L01P.o
                0x08000c58                HAL_nRF24L01P_DPLPipe
 .text.HAL_nRF24L01P_DynPayload
                0x08000cf0       0x6e ./Core/Src/nRF24L01P.o
                0x08000cf0                HAL_nRF24L01P_DynPayload
 .text.HAL_nRF24L01P_ACKPayload
                0x08000d5e       0x6e ./Core/Src/nRF24L01P.o
                0x08000d5e                HAL_nRF24L01P_ACKPayload
 .text.HAL_nRF24L01P_DynACK
                0x08000dcc       0x6e ./Core/Src/nRF24L01P.o
                0x08000dcc                HAL_nRF24L01P_DynACK
 .text.HAL_nRF24L01P_MaxReTransmitIRQ
                0x08000e3a       0x6e ./Core/Src/nRF24L01P.o
                0x08000e3a                HAL_nRF24L01P_MaxReTransmitIRQ
 .text.HAL_nRF24L01P_TXDataSentIRQ
                0x08000ea8       0x6e ./Core/Src/nRF24L01P.o
                0x08000ea8                HAL_nRF24L01P_TXDataSentIRQ
 .text.HAL_nRF24L01P_RXDataReadyIRQ
                0x08000f16       0x6e ./Core/Src/nRF24L01P.o
                0x08000f16                HAL_nRF24L01P_RXDataReadyIRQ
 .text.HAL_nRF24L01P_TXRX
                0x08000f84       0x7a ./Core/Src/nRF24L01P.o
                0x08000f84                HAL_nRF24L01P_TXRX
 .text.HAL_nRF24L01P_PowerUP
                0x08000ffe       0x6e ./Core/Src/nRF24L01P.o
                0x08000ffe                HAL_nRF24L01P_PowerUP
 .text.HAL_nRF24L01P_SetCRCWidth
                0x0800106c       0x6e ./Core/Src/nRF24L01P.o
                0x0800106c                HAL_nRF24L01P_SetCRCWidth
 .text.HAL_nRF24L01P_CRC
                0x080010da       0x6e ./Core/Src/nRF24L01P.o
                0x080010da                HAL_nRF24L01P_CRC
 .text.HAL_nRF24L01P_AutoACK
                0x08001148       0xa4 ./Core/Src/nRF24L01P.o
                0x08001148                HAL_nRF24L01P_AutoACK
 .text.HAL_nRF24L01P_RXPipe
                0x080011ec       0xa4 ./Core/Src/nRF24L01P.o
                0x080011ec                HAL_nRF24L01P_RXPipe
 .text.HAL_nRF24L01P_SetAddressWidth
                0x08001290       0x6e ./Core/Src/nRF24L01P.o
                0x08001290                HAL_nRF24L01P_SetAddressWidth
 .text.HAL_nRF24L01P_SetRetransmissionDelay
                0x080012fe       0x76 ./Core/Src/nRF24L01P.o
                0x080012fe                HAL_nRF24L01P_SetRetransmissionDelay
 .text.HAL_nRF24L01P_SetRetransmissionCount
                0x08001374       0x6e ./Core/Src/nRF24L01P.o
                0x08001374                HAL_nRF24L01P_SetRetransmissionCount
 .text.HAL_nRF24L01P_SetRFChannel
                0x080013e2       0x3a ./Core/Src/nRF24L01P.o
                0x080013e2                HAL_nRF24L01P_SetRFChannel
 .text.HAL_nRF24L01P_ClearInterrupts
                0x0800141c       0x4c ./Core/Src/nRF24L01P.o
                0x0800141c                HAL_nRF24L01P_ClearInterrupts
 .text.HAL_nRF24L01P_SetDataRate
                0x08001468       0xba ./Core/Src/nRF24L01P.o
                0x08001468                HAL_nRF24L01P_SetDataRate
 .text.HAL_nRF24L01P_FlushRX
                0x08001522       0x32 ./Core/Src/nRF24L01P.o
                0x08001522                HAL_nRF24L01P_FlushRX
 .text.HAL_nRF24L01P_WriteRegister
                0x08001554       0x42 ./Core/Src/nRF24L01P.o
                0x08001554                HAL_nRF24L01P_WriteRegister
 .text.HAL_nRF24L01P_ReadRegister
                0x08001596       0x40 ./Core/Src/nRF24L01P.o
                0x08001596                HAL_nRF24L01P_ReadRegister
 .text.HAL_nRF24L01P_SendCommand
                0x080015d6      0x1e2 ./Core/Src/nRF24L01P.o
                0x080015d6                HAL_nRF24L01P_SendCommand
 .text.HAL_nRF24L01P_nSS_High
                0x080017b8       0x20 ./Core/Src/nRF24L01P.o
                0x080017b8                HAL_nRF24L01P_nSS_High
 .text.HAL_nRF24L01P_nSS_Low
                0x080017d8       0x20 ./Core/Src/nRF24L01P.o
                0x080017d8                HAL_nRF24L01P_nSS_Low
 .text.ssd1306_WriteCommand
                0x080017f8       0x30 ./Core/Src/ssd1306.o
                0x080017f8                ssd1306_WriteCommand
 .text.ssd1306_Init
                0x08001828       0xb8 ./Core/Src/ssd1306.o
                0x08001828                ssd1306_Init
 .text.ssd1306_Fill
                0x080018e0       0x48 ./Core/Src/ssd1306.o
                0x080018e0                ssd1306_Fill
 .text.ssd1306_UpdateScreen
                0x08001928       0x6c ./Core/Src/ssd1306.o
                0x08001928                ssd1306_UpdateScreen
 .text.HAL_MspInit
                0x08001994       0x48 ./Core/Src/stm32g0xx_hal_msp.o
                0x08001994                HAL_MspInit
 .text.HAL_ADC_MspInit
                0x080019dc       0xe4 ./Core/Src/stm32g0xx_hal_msp.o
                0x080019dc                HAL_ADC_MspInit
 .text.HAL_I2C_MspInit
                0x08001ac0       0xc4 ./Core/Src/stm32g0xx_hal_msp.o
                0x08001ac0                HAL_I2C_MspInit
 .text.HAL_SPI_MspInit
                0x08001b84       0x94 ./Core/Src/stm32g0xx_hal_msp.o
                0x08001b84                HAL_SPI_MspInit
 .text.HAL_TIM_Base_MspInit
                0x08001c18       0x6c ./Core/Src/stm32g0xx_hal_msp.o
                0x08001c18                HAL_TIM_Base_MspInit
 .text.NMI_Handler
                0x08001c84        0x8 ./Core/Src/stm32g0xx_it.o
                0x08001c84                NMI_Handler
 .text.HardFault_Handler
                0x08001c8c        0x8 ./Core/Src/stm32g0xx_it.o
                0x08001c8c                HardFault_Handler
 .text.SVC_Handler
                0x08001c94        0xa ./Core/Src/stm32g0xx_it.o
                0x08001c94                SVC_Handler
 .text.PendSV_Handler
                0x08001c9e        0xa ./Core/Src/stm32g0xx_it.o
                0x08001c9e                PendSV_Handler
 .text.SysTick_Handler
                0x08001ca8        0xe ./Core/Src/stm32g0xx_it.o
                0x08001ca8                SysTick_Handler
 *fill*         0x08001cb6        0x2 
 .text.DMA1_Channel1_IRQHandler
                0x08001cb8       0x18 ./Core/Src/stm32g0xx_it.o
                0x08001cb8                DMA1_Channel1_IRQHandler
 .text.SystemInit
                0x08001cd0        0xa ./Core/Src/system_stm32g0xx.o
                0x08001cd0                SystemInit
 *fill*         0x08001cda        0x2 
 .text.Reset_Handler
                0x08001cdc       0x50 ./Core/Startup/startup_stm32g031f6px.o
                0x08001cdc                Reset_Handler
 .text.Default_Handler
                0x08001d2c        0x2 ./Core/Startup/startup_stm32g031f6px.o
                0x08001d2c                TIM1_CC_IRQHandler
                0x08001d2c                PVD_IRQHandler
                0x08001d2c                I2C1_IRQHandler
                0x08001d2c                LPTIM2_IRQHandler
                0x08001d2c                RTC_TAMP_IRQHandler
                0x08001d2c                SPI1_IRQHandler
                0x08001d2c                DMA1_Ch4_5_DMAMUX1_OVR_IRQHandler
                0x08001d2c                EXTI2_3_IRQHandler
                0x08001d2c                ADC1_IRQHandler
                0x08001d2c                I2C2_IRQHandler
                0x08001d2c                TIM17_IRQHandler
                0x08001d2c                TIM16_IRQHandler
                0x08001d2c                TIM3_IRQHandler
                0x08001d2c                EXTI4_15_IRQHandler
                0x08001d2c                RCC_IRQHandler
                0x08001d2c                Default_Handler
                0x08001d2c                TIM14_IRQHandler
                0x08001d2c                EXTI0_1_IRQHandler
                0x08001d2c                SPI2_IRQHandler
                0x08001d2c                WWDG_IRQHandler
                0x08001d2c                LPUART1_IRQHandler
                0x08001d2c                TIM2_IRQHandler
                0x08001d2c                DMA1_Channel2_3_IRQHandler
                0x08001d2c                USART2_IRQHandler
                0x08001d2c                FLASH_IRQHandler
                0x08001d2c                USART1_IRQHandler
                0x08001d2c                TIM1_BRK_UP_TRG_COM_IRQHandler
                0x08001d2c                LPTIM1_IRQHandler
 *fill*         0x08001d2e        0x2 
 .text.HAL_Init
                0x08001d30       0x40 ./Drivers/STM32G0xx_HAL_Driver/Src/stm32g0xx_hal.o
                0x08001d30                HAL_Init
 .text.HAL_InitTick
                0x08001d70       0x94 ./Drivers/STM32G0xx_HAL_Driver/Src/stm32g0xx_hal.o
                0x08001d70                HAL_InitTick
 .text.HAL_IncTick
                0x08001e04       0x24 ./Drivers/STM32G0xx_HAL_Driver/Src/stm32g0xx_hal.o
                0x08001e04                HAL_IncTick
 .text.HAL_GetTick
                0x08001e28       0x14 ./Drivers/STM32G0xx_HAL_Driver/Src/stm32g0xx_hal.o
                0x08001e28                HAL_GetTick
 .text.HAL_Delay
                0x08001e3c       0x48 ./Drivers/STM32G0xx_HAL_Driver/Src/stm32g0xx_hal.o
                0x08001e3c                HAL_Delay
 .text.LL_ADC_SetCommonPathInternalCh
                0x08001e84       0x28 ./Drivers/STM32G0xx_HAL_Driver/Src/stm32g0xx_hal_adc.o
 .text.LL_ADC_GetCommonPathInternalCh
                0x08001eac       0x1a ./Drivers/STM32G0xx_HAL_Driver/Src/stm32g0xx_hal_adc.o
 .text.LL_ADC_SetSamplingTimeCommonChannels
                0x08001ec6       0x3a ./Drivers/STM32G0xx_HAL_Driver/Src/stm32g0xx_hal_adc.o
 .text.LL_ADC_GetSamplingTimeCommonChannels
                0x08001f00       0x2e ./Drivers/STM32G0xx_HAL_Driver/Src/stm32g0xx_hal_adc.o
 .text.LL_ADC_REG_SetSequencerRanks
                0x08001f2e       0x40 ./Drivers/STM32G0xx_HAL_Driver/Src/stm32g0xx_hal_adc.o
 .text.LL_ADC_REG_SetSequencerChAdd
                0x08001f6e       0x22 ./Drivers/STM32G0xx_HAL_Driver/Src/stm32g0xx_hal_adc.o
 .text.LL_ADC_REG_SetSequencerChRem
                0x08001f90       0x24 ./Drivers/STM32G0xx_HAL_Driver/Src/stm32g0xx_hal_adc.o
 .text.LL_ADC_SetChannelSamplingTime
                0x08001fb4       0x38 ./Drivers/STM32G0xx_HAL_Driver/Src/stm32g0xx_hal_adc.o
 .text.LL_ADC_EnableInternalRegulator
                0x08001fec       0x28 ./Drivers/STM32G0xx_HAL_Driver/Src/stm32g0xx_hal_adc.o
 .text.LL_ADC_IsInternalRegulatorEnabled
                0x08002014       0x28 ./Drivers/STM32G0xx_HAL_Driver/Src/stm32g0xx_hal_adc.o
 .text.LL_ADC_IsEnabled
                0x0800203c       0x22 ./Drivers/STM32G0xx_HAL_Driver/Src/stm32g0xx_hal_adc.o
 .text.LL_ADC_REG_IsConversionOngoing
                0x0800205e       0x22 ./Drivers/STM32G0xx_HAL_Driver/Src/stm32g0xx_hal_adc.o
 .text.HAL_ADC_Init
                0x08002080      0x350 ./Drivers/STM32G0xx_HAL_Driver/Src/stm32g0xx_hal_adc.o
                0x08002080                HAL_ADC_Init
 .text.HAL_ADC_ConfigChannel
                0x080023d0      0x3b0 ./Drivers/STM32G0xx_HAL_Driver/Src/stm32g0xx_hal_adc.o
                0x080023d0                HAL_ADC_ConfigChannel
 .text.__NVIC_EnableIRQ
                0x08002780       0x34 ./Drivers/STM32G0xx_HAL_Driver/Src/stm32g0xx_hal_cortex.o
 .text.__NVIC_SetPriority
                0x080027b4       0xdc ./Drivers/STM32G0xx_HAL_Driver/Src/stm32g0xx_hal_cortex.o
 .text.SysTick_Config
                0x08002890       0x48 ./Drivers/STM32G0xx_HAL_Driver/Src/stm32g0xx_hal_cortex.o
 .text.HAL_NVIC_SetPriority
                0x080028d8       0x2a ./Drivers/STM32G0xx_HAL_Driver/Src/stm32g0xx_hal_cortex.o
                0x080028d8                HAL_NVIC_SetPriority
 .text.HAL_NVIC_EnableIRQ
                0x08002902       0x20 ./Drivers/STM32G0xx_HAL_Driver/Src/stm32g0xx_hal_cortex.o
                0x08002902                HAL_NVIC_EnableIRQ
 .text.HAL_SYSTICK_Config
                0x08002922       0x1a ./Drivers/STM32G0xx_HAL_Driver/Src/stm32g0xx_hal_cortex.o
                0x08002922                HAL_SYSTICK_Config
 .text.HAL_DMA_Init
                0x0800293c      0x114 ./Drivers/STM32G0xx_HAL_Driver/Src/stm32g0xx_hal_dma.o
                0x0800293c                HAL_DMA_Init
 .text.HAL_DMA_IRQHandler
                0x08002a50      0x164 ./Drivers/STM32G0xx_HAL_Driver/Src/stm32g0xx_hal_dma.o
                0x08002a50                HAL_DMA_IRQHandler
 .text.DMA_CalcDMAMUXChannelBaseAndMask
                0x08002bb4       0x58 ./Drivers/STM32G0xx_HAL_Driver/Src/stm32g0xx_hal_dma.o
 .text.DMA_CalcDMAMUXRequestGenBaseAndMask
                0x08002c0c       0x48 ./Drivers/STM32G0xx_HAL_Driver/Src/stm32g0xx_hal_dma.o
 .text.HAL_GPIO_Init
                0x08002c54      0x2c8 ./Drivers/STM32G0xx_HAL_Driver/Src/stm32g0xx_hal_gpio.o
                0x08002c54                HAL_GPIO_Init
 .text.HAL_GPIO_WritePin
                0x08002f1c       0x3a ./Drivers/STM32G0xx_HAL_Driver/Src/stm32g0xx_hal_gpio.o
                0x08002f1c                HAL_GPIO_WritePin
 *fill*         0x08002f56        0x2 
 .text.HAL_I2C_Init
                0x08002f58      0x14c ./Drivers/STM32G0xx_HAL_Driver/Src/stm32g0xx_hal_i2c.o
                0x08002f58                HAL_I2C_Init
 .text.HAL_I2C_Mem_Write
                0x080030a4      0x25c ./Drivers/STM32G0xx_HAL_Driver/Src/stm32g0xx_hal_i2c.o
                0x080030a4                HAL_I2C_Mem_Write
 .text.I2C_RequestMemoryWrite
                0x08003300       0xc8 ./Drivers/STM32G0xx_HAL_Driver/Src/stm32g0xx_hal_i2c.o
 .text.I2C_Flush_TXDR
                0x080033c8       0x44 ./Drivers/STM32G0xx_HAL_Driver/Src/stm32g0xx_hal_i2c.o
 .text.I2C_WaitOnFlagUntilTimeout
                0x0800340c       0xb0 ./Drivers/STM32G0xx_HAL_Driver/Src/stm32g0xx_hal_i2c.o
 .text.I2C_WaitOnTXISFlagUntilTimeout
                0x080034bc       0x8c ./Drivers/STM32G0xx_HAL_Driver/Src/stm32g0xx_hal_i2c.o
 .text.I2C_WaitOnSTOPFlagUntilTimeout
                0x08003548       0x86 ./Drivers/STM32G0xx_HAL_Driver/Src/stm32g0xx_hal_i2c.o
 *fill*         0x080035ce        0x2 
 .text.I2C_IsErrorOccurred
                0x080035d0      0x1f0 ./Drivers/STM32G0xx_HAL_Driver/Src/stm32g0xx_hal_i2c.o
 .text.I2C_TransferConfig
                0x080037c0       0x74 ./Drivers/STM32G0xx_HAL_Driver/Src/stm32g0xx_hal_i2c.o
 .text.HAL_I2CEx_ConfigAnalogFilter
                0x08003834       0x98 ./Drivers/STM32G0xx_HAL_Driver/Src/stm32g0xx_hal_i2c_ex.o
                0x08003834                HAL_I2CEx_ConfigAnalogFilter
 .text.HAL_I2CEx_ConfigDigitalFilter
                0x080038cc       0x98 ./Drivers/STM32G0xx_HAL_Driver/Src/stm32g0xx_hal_i2c_ex.o
                0x080038cc                HAL_I2CEx_ConfigDigitalFilter
 .text.HAL_PWREx_ControlVoltageScaling
                0x08003964       0x80 ./Drivers/STM32G0xx_HAL_Driver/Src/stm32g0xx_hal_pwr_ex.o
                0x08003964                HAL_PWREx_ControlVoltageScaling
 .text.HAL_RCC_OscConfig
                0x080039e4      0x634 ./Drivers/STM32G0xx_HAL_Driver/Src/stm32g0xx_hal_rcc.o
                0x080039e4                HAL_RCC_OscConfig
 .text.HAL_RCC_ClockConfig
                0x08004018      0x210 ./Drivers/STM32G0xx_HAL_Driver/Src/stm32g0xx_hal_rcc.o
                0x08004018                HAL_RCC_ClockConfig
 .text.HAL_RCC_GetSysClockFreq
                0x08004228      0x104 ./Drivers/STM32G0xx_HAL_Driver/Src/stm32g0xx_hal_rcc.o
                0x08004228                HAL_RCC_GetSysClockFreq
 .text.HAL_RCCEx_PeriphCLKConfig
                0x0800432c      0x2f4 ./Drivers/STM32G0xx_HAL_Driver/Src/stm32g0xx_hal_rcc_ex.o
                0x0800432c                HAL_RCCEx_PeriphCLKConfig
 .text.HAL_SPI_Init
                0x08004620      0x170 ./Drivers/STM32G0xx_HAL_Driver/Src/stm32g0xx_hal_spi.o
                0x08004620                HAL_SPI_Init
 .text.HAL_SPI_TransmitReceive
                0x08004790      0x3c4 ./Drivers/STM32G0xx_HAL_Driver/Src/stm32g0xx_hal_spi.o
                0x08004790                HAL_SPI_TransmitReceive
 .text.SPI_WaitFlagStateUntilTimeout
                0x08004b54      0x11c ./Drivers/STM32G0xx_HAL_Driver/Src/stm32g0xx_hal_spi.o
 .text.SPI_WaitFifoStateUntilTimeout
                0x08004c70      0x144 ./Drivers/STM32G0xx_HAL_Driver/Src/stm32g0xx_hal_spi.o
 .text.SPI_EndRxTxTransaction
                0x08004db4       0x8c ./Drivers/STM32G0xx_HAL_Driver/Src/stm32g0xx_hal_spi.o
 .text.HAL_TIM_Base_Init
                0x08004e40       0xb0 ./Drivers/STM32G0xx_HAL_Driver/Src/stm32g0xx_hal_tim.o
                0x08004e40                HAL_TIM_Base_Init
 .text.HAL_TIM_Base_Start
                0x08004ef0       0x98 ./Drivers/STM32G0xx_HAL_Driver/Src/stm32g0xx_hal_tim.o
                0x08004ef0                HAL_TIM_Base_Start
 .text.HAL_TIM_ConfigClockSource
                0x08004f88      0x1ac ./Drivers/STM32G0xx_HAL_Driver/Src/stm32g0xx_hal_tim.o
                0x08004f88                HAL_TIM_ConfigClockSource
 .text.TIM_Base_SetConfig
                0x08005134      0x108 ./Drivers/STM32G0xx_HAL_Driver/Src/stm32g0xx_hal_tim.o
                0x08005134                TIM_Base_SetConfig
 .text.TIM_TI1_ConfigInputStage
                0x0800523c       0x5c ./Drivers/STM32G0xx_HAL_Driver/Src/stm32g0xx_hal_tim.o
 .text.TIM_TI2_ConfigInputStage
                0x08005298       0x64 ./Drivers/STM32G0xx_HAL_Driver/Src/stm32g0xx_hal_tim.o
 .text.TIM_ITRx_SetConfig
                0x080052fc       0x38 ./Drivers/STM32G0xx_HAL_Driver/Src/stm32g0xx_hal_tim.o
 .text.TIM_ETR_SetConfig
                0x08005334       0x40 ./Drivers/STM32G0xx_HAL_Driver/Src/stm32g0xx_hal_tim.o
                0x08005334                TIM_ETR_SetConfig
 .text.HAL_TIMEx_MasterConfigSynchronization
                0x08005374       0xd0 ./Drivers/STM32G0xx_HAL_Driver/Src/stm32g0xx_hal_tim_ex.o
                0x08005374                HAL_TIMEx_MasterConfigSynchronization
 .text.memset   0x08005444       0x10 C:/ST/STM32CubeIDE_1.15.0/STM32CubeIDE/plugins/com.st.stm32cube.ide.mcu.externaltools.gnu-tools-for-stm32.12.3.rel1.win32_1.0.100.202403111256/tools/bin/../lib/gcc/arm-none-eabi/12.3.1/../../../../arm-none-eabi/lib/thumb/v6-m/nofp\libc_nano.a(libc_a-memset.o)
                0x08005444                memset
 .text.__libc_init_array
                0x08005454       0x48 C:/ST/STM32CubeIDE_1.15.0/STM32CubeIDE/plugins/com.st.stm32cube.ide.mcu.externaltools.gnu-tools-for-stm32.12.3.rel1.win32_1.0.100.202403111256/tools/bin/../lib/gcc/arm-none-eabi/12.3.1/../../../../arm-none-eabi/lib/thumb/v6-m/nofp\libc_nano.a(libc_a-init.o)
                0x08005454                __libc_init_array
 *(.glue_7)
 .glue_7        0x0800549c        0x0 linker stubs
 *(.glue_7t)
 .glue_7t       0x0800549c        0x0 linker stubs
 *(.eh_frame)
 .eh_frame      0x0800549c        0x0 C:/ST/STM32CubeIDE_1.15.0/STM32CubeIDE/plugins/com.st.stm32cube.ide.mcu.externaltools.gnu-tools-for-stm32.12.3.rel1.win32_1.0.100.202403111256/tools/bin/../lib/gcc/arm-none-eabi/12.3.1/thumb/v6-m/nofp/crtbegin.o
 *(.init)
 .init          0x0800549c        0x4 C:/ST/STM32CubeIDE_1.15.0/STM32CubeIDE/plugins/com.st.stm32cube.ide.mcu.externaltools.gnu-tools-for-stm32.12.3.rel1.win32_1.0.100.202403111256/tools/bin/../lib/gcc/arm-none-eabi/12.3.1/thumb/v6-m/nofp/crti.o
                0x0800549c                _init
 .init          0x080054a0        0x8 C:/ST/STM32CubeIDE_1.15.0/STM32CubeIDE/plugins/com.st.stm32cube.ide.mcu.externaltools.gnu-tools-for-stm32.12.3.rel1.win32_1.0.100.202403111256/tools/bin/../lib/gcc/arm-none-eabi/12.3.1/thumb/v6-m/nofp/crtn.o
 *(.fini)
 .fini          0x080054a8        0x4 C:/ST/STM32CubeIDE_1.15.0/STM32CubeIDE/plugins/com.st.stm32cube.ide.mcu.externaltools.gnu-tools-for-stm32.12.3.rel1.win32_1.0.100.202403111256/tools/bin/../lib/gcc/arm-none-eabi/12.3.1/thumb/v6-m/nofp/crti.o
                0x080054a8                _fini
 .fini          0x080054ac        0x8 C:/ST/STM32CubeIDE_1.15.0/STM32CubeIDE/plugins/com.st.stm32cube.ide.mcu.externaltools.gnu-tools-for-stm32.12.3.rel1.win32_1.0.100.202403111256/tools/bin/../lib/gcc/arm-none-eabi/12.3.1/thumb/v6-m/nofp/crtn.o
                0x080054b4                        . = ALIGN (0x4)
                0x080054b4                        _etext = .

.vfp11_veneer   0x080054b4        0x0
 .vfp11_veneer  0x080054b4        0x0 linker stubs

.v4_bx          0x080054b4        0x0
 .v4_bx         0x080054b4        0x0 linker stubs

.iplt           0x080054b4        0x0
 .iplt          0x080054b4        0x0 C:/ST/STM32CubeIDE_1.15.0/STM32CubeIDE/plugins/com.st.stm32cube.ide.mcu.externaltools.gnu-tools-for-stm32.12.3.rel1.win32_1.0.100.202403111256/tools/bin/../lib/gcc/arm-none-eabi/12.3.1/thumb/v6-m/nofp/crtbegin.o

.rodata         0x080054b4       0xc4
                0x080054b4                        . = ALIGN (0x4)
 *(.rodata)
 .rodata        0x080054b4       0x51 ./Core/Src/main.o
 *(.rodata*)
 *fill*         0x08005505        0x3 
 .rodata.HAL_nRF24L01P_SetPRXWidth
                0x08005508       0x18 ./Core/Src/nRF24L01P.o
 .rodata.HAL_nRF24L01P_SetPRXAddress
                0x08005520       0x18 ./Core/Src/nRF24L01P.o
 .rodata.AHBPrescTable
                0x08005538       0x40 ./Core/Src/system_stm32g0xx.o
                0x08005538                AHBPrescTable
                0x08005578                        . = ALIGN (0x4)

.ARM.extab      0x08005578        0x0
                0x08005578                        . = ALIGN (0x4)
 *(.ARM.extab* .gnu.linkonce.armextab.*)
                0x08005578                        . = ALIGN (0x4)

.ARM            0x08005578        0x0
                0x08005578                        . = ALIGN (0x4)
                0x08005578                        __exidx_start = .
 *(.ARM.exidx*)
                0x08005578                        __exidx_end = .
                0x08005578                        . = ALIGN (0x4)

.preinit_array  0x08005578        0x0
                0x08005578                        . = ALIGN (0x4)
                0x08005578                        PROVIDE (__preinit_array_start = .)
 *(.preinit_array*)
                0x08005578                        PROVIDE (__preinit_array_end = .)
                0x08005578                        . = ALIGN (0x4)

.init_array     0x08005578        0x4
                0x08005578                        . = ALIGN (0x4)
                0x08005578                        PROVIDE (__init_array_start = .)
 *(SORT_BY_NAME(.init_array.*))
 *(.init_array*)
 .init_array    0x08005578        0x4 C:/ST/STM32CubeIDE_1.15.0/STM32CubeIDE/plugins/com.st.stm32cube.ide.mcu.externaltools.gnu-tools-for-stm32.12.3.rel1.win32_1.0.100.202403111256/tools/bin/../lib/gcc/arm-none-eabi/12.3.1/thumb/v6-m/nofp/crtbegin.o
                0x0800557c                        PROVIDE (__init_array_end = .)
                0x0800557c                        . = ALIGN (0x4)

.fini_array     0x0800557c        0x4
                0x0800557c                        . = ALIGN (0x4)
                [!provide]                        PROVIDE (__fini_array_start = .)
 *(SORT_BY_NAME(.fini_array.*))
 *(.fini_array*)
 .fini_array    0x0800557c        0x4 C:/ST/STM32CubeIDE_1.15.0/STM32CubeIDE/plugins/com.st.stm32cube.ide.mcu.externaltools.gnu-tools-for-stm32.12.3.rel1.win32_1.0.100.202403111256/tools/bin/../lib/gcc/arm-none-eabi/12.3.1/thumb/v6-m/nofp/crtbegin.o
                [!provide]                        PROVIDE (__fini_array_end = .)
                0x08005580                        . = ALIGN (0x4)
                0x08005580                        _sidata = LOADADDR (.data)

.rel.dyn        0x08005580        0x0
 .rel.iplt      0x08005580        0x0 C:/ST/STM32CubeIDE_1.15.0/STM32CubeIDE/plugins/com.st.stm32cube.ide.mcu.externaltools.gnu-tools-for-stm32.12.3.rel1.win32_1.0.100.202403111256/tools/bin/../lib/gcc/arm-none-eabi/12.3.1/thumb/v6-m/nofp/crtbegin.o

.data           0x20000000        0xc load address 0x08005580
                0x20000000                        . = ALIGN (0x4)
                0x20000000                        _sdata = .
 *(.data)
 *(.data*)
 .data.SystemCoreClock
                0x20000000        0x4 ./Core/Src/system_stm32g0xx.o
                0x20000000                SystemCoreClock
 .data.uwTickPrio
                0x20000004        0x4 ./Drivers/STM32G0xx_HAL_Driver/Src/stm32g0xx_hal.o
                0x20000004                uwTickPrio
 .data.uwTickFreq
                0x20000008        0x1 ./Drivers/STM32G0xx_HAL_Driver/Src/stm32g0xx_hal.o
                0x20000008                uwTickFreq
 *(.RamFunc)
 *(.RamFunc*)
                0x2000000c                        . = ALIGN (0x4)
 *fill*         0x20000009        0x3 
                0x2000000c                        _edata = .

.igot.plt       0x2000000c        0x0 load address 0x0800558c
 .igot.plt      0x2000000c        0x0 C:/ST/STM32CubeIDE_1.15.0/STM32CubeIDE/plugins/com.st.stm32cube.ide.mcu.externaltools.gnu-tools-for-stm32.12.3.rel1.win32_1.0.100.202403111256/tools/bin/../lib/gcc/arm-none-eabi/12.3.1/thumb/v6-m/nofp/crtbegin.o
                0x2000000c                        . = ALIGN (0x4)

.bss            0x2000000c      0x464 load address 0x0800558c
                0x2000000c                        _sbss = .
                0x2000000c                        __bss_start__ = _sbss
 *(.bss)
 .bss           0x2000000c       0x1c C:/ST/STM32CubeIDE_1.15.0/STM32CubeIDE/plugins/com.st.stm32cube.ide.mcu.externaltools.gnu-tools-for-stm32.12.3.rel1.win32_1.0.100.202403111256/tools/bin/../lib/gcc/arm-none-eabi/12.3.1/thumb/v6-m/nofp/crtbegin.o
 *(.bss*)
 .bss.myNRF     0x20000028       0x38 ./Core/Src/main.o
                0x20000028                myNRF
 .bss.RXBuffer  0x20000060       0x20 ./Core/Src/main.o
                0x20000060                RXBuffer
 .bss.TXBuffer  0x20000080       0x20 ./Core/Src/main.o
                0x20000080                TXBuffer
 .bss.hadc1     0x200000a0       0x64 ./Core/Src/main.o
                0x200000a0                hadc1
 .bss.hdma_adc1
                0x20000104       0x5c ./Core/Src/main.o
                0x20000104                hdma_adc1
 .bss.hi2c1     0x20000160       0x54 ./Core/Src/main.o
                0x20000160                hi2c1
 .bss.hspi1     0x200001b4       0x64 ./Core/Src/main.o
                0x200001b4                hspi1
 .bss.htim1     0x20000218       0x4c ./Core/Src/main.o
                0x20000218                htim1
 .bss.SSD1306_Buffer
                0x20000264      0x200 ./Core/Src/ssd1306.o
 .bss.SSD1306   0x20000464        0x6 ./Core/Src/ssd1306.o
 *fill*         0x2000046a        0x2 
 .bss.uwTick    0x2000046c        0x4 ./Drivers/STM32G0xx_HAL_Driver/Src/stm32g0xx_hal.o
                0x2000046c                uwTick
 *(COMMON)
                0x20000470                        . = ALIGN (0x4)
                0x20000470                        _ebss = .
                0x20000470                        __bss_end__ = _ebss

._user_heap_stack
                0x20000470      0x600 load address 0x0800558c
                0x20000470                        . = ALIGN (0x8)
                [!provide]                        PROVIDE (end = .)
                0x20000470                        PROVIDE (_end = .)
                0x20000670                        . = (. + _Min_Heap_Size)
 *fill*         0x20000470      0x200 
                0x20000a70                        . = (. + _Min_Stack_Size)
 *fill*         0x20000670      0x400 
                0x20000a70                        . = ALIGN (0x8)

/DISCARD/
 libc.a(*)
 libm.a(*)
 libgcc.a(*)

.ARM.attributes
                0x00000000       0x28
 *(.ARM.attributes)
 .ARM.attributes
                0x00000000       0x1e C:/ST/STM32CubeIDE_1.15.0/STM32CubeIDE/plugins/com.st.stm32cube.ide.mcu.externaltools.gnu-tools-for-stm32.12.3.rel1.win32_1.0.100.202403111256/tools/bin/../lib/gcc/arm-none-eabi/12.3.1/thumb/v6-m/nofp/crti.o
 .ARM.attributes
                0x0000001e       0x2c C:/ST/STM32CubeIDE_1.15.0/STM32CubeIDE/plugins/com.st.stm32cube.ide.mcu.externaltools.gnu-tools-for-stm32.12.3.rel1.win32_1.0.100.202403111256/tools/bin/../lib/gcc/arm-none-eabi/12.3.1/thumb/v6-m/nofp/crtbegin.o
 .ARM.attributes
                0x0000004a       0x2c ./Core/Src/dwt_delay.o
 .ARM.attributes
                0x00000076       0x2c ./Core/Src/main.o
 .ARM.attributes
                0x000000a2       0x2c ./Core/Src/nRF24L01P.o
 .ARM.attributes
                0x000000ce       0x2c ./Core/Src/ssd1306.o
 .ARM.attributes
                0x000000fa       0x2c ./Core/Src/stm32g0xx_hal_msp.o
 .ARM.attributes
                0x00000126       0x2c ./Core/Src/stm32g0xx_it.o
 .ARM.attributes
                0x00000152       0x2c ./Core/Src/system_stm32g0xx.o
 .ARM.attributes
                0x0000017e       0x22 ./Core/Startup/startup_stm32g031f6px.o
 .ARM.attributes
                0x000001a0       0x2c ./Drivers/STM32G0xx_HAL_Driver/Src/stm32g0xx_hal.o
 .ARM.attributes
                0x000001cc       0x2c ./Drivers/STM32G0xx_HAL_Driver/Src/stm32g0xx_hal_adc.o
 .ARM.attributes
                0x000001f8       0x2c ./Drivers/STM32G0xx_HAL_Driver/Src/stm32g0xx_hal_cortex.o
 .ARM.attributes
                0x00000224       0x2c ./Drivers/STM32G0xx_HAL_Driver/Src/stm32g0xx_hal_dma.o
 .ARM.attributes
                0x00000250       0x2c ./Drivers/STM32G0xx_HAL_Driver/Src/stm32g0xx_hal_gpio.o
 .ARM.attributes
                0x0000027c       0x2c ./Drivers/STM32G0xx_HAL_Driver/Src/stm32g0xx_hal_i2c.o
 .ARM.attributes
                0x000002a8       0x2c ./Drivers/STM32G0xx_HAL_Driver/Src/stm32g0xx_hal_i2c_ex.o
 .ARM.attributes
                0x000002d4       0x2c ./Drivers/STM32G0xx_HAL_Driver/Src/stm32g0xx_hal_pwr_ex.o
 .ARM.attributes
                0x00000300       0x2c ./Drivers/STM32G0xx_HAL_Driver/Src/stm32g0xx_hal_rcc.o
 .ARM.attributes
                0x0000032c       0x2c ./Drivers/STM32G0xx_HAL_Driver/Src/stm32g0xx_hal_rcc_ex.o
 .ARM.attributes
                0x00000358       0x2c ./Drivers/STM32G0xx_HAL_Driver/Src/stm32g0xx_hal_spi.o
 .ARM.attributes
                0x00000384       0x2c ./Drivers/STM32G0xx_HAL_Driver/Src/stm32g0xx_hal_tim.o
 .ARM.attributes
                0x000003b0       0x2c ./Drivers/STM32G0xx_HAL_Driver/Src/stm32g0xx_hal_tim_ex.o
 .ARM.attributes
                0x000003dc       0x2c C:/ST/STM32CubeIDE_1.15.0/STM32CubeIDE/plugins/com.st.stm32cube.ide.mcu.externaltools.gnu-tools-for-stm32.12.3.rel1.win32_1.0.100.202403111256/tools/bin/../lib/gcc/arm-none-eabi/12.3.1/../../../../arm-none-eabi/lib/thumb/v6-m/nofp\libc_nano.a(libc_a-memset.o)
 .ARM.attributes
                0x00000408       0x2c C:/ST/STM32CubeIDE_1.15.0/STM32CubeIDE/plugins/com.st.stm32cube.ide.mcu.externaltools.gnu-tools-for-stm32.12.3.rel1.win32_1.0.100.202403111256/tools/bin/../lib/gcc/arm-none-eabi/12.3.1/../../../../arm-none-eabi/lib/thumb/v6-m/nofp\libc_nano.a(libc_a-init.o)
 .ARM.attributes
                0x00000434       0x1e C:/ST/STM32CubeIDE_1.15.0/STM32CubeIDE/plugins/com.st.stm32cube.ide.mcu.externaltools.gnu-tools-for-stm32.12.3.rel1.win32_1.0.100.202403111256/tools/bin/../lib/gcc/arm-none-eabi/12.3.1/thumb/v6-m/nofp\libgcc.a(_udivsi3.o)
 .ARM.attributes
                0x00000452       0x1e C:/ST/STM32CubeIDE_1.15.0/STM32CubeIDE/plugins/com.st.stm32cube.ide.mcu.externaltools.gnu-tools-for-stm32.12.3.rel1.win32_1.0.100.202403111256/tools/bin/../lib/gcc/arm-none-eabi/12.3.1/thumb/v6-m/nofp\libgcc.a(_dvmd_tls.o)
 .ARM.attributes
                0x00000470       0x1e C:/ST/STM32CubeIDE_1.15.0/STM32CubeIDE/plugins/com.st.stm32cube.ide.mcu.externaltools.gnu-tools-for-stm32.12.3.rel1.win32_1.0.100.202403111256/tools/bin/../lib/gcc/arm-none-eabi/12.3.1/thumb/v6-m/nofp/crtn.o
OUTPUT(Final_Controlle.elf elf32-littlearm)
LOAD linker stubs
LOAD C:/ST/STM32CubeIDE_1.15.0/STM32CubeIDE/plugins/com.st.stm32cube.ide.mcu.externaltools.gnu-tools-for-stm32.12.3.rel1.win32_1.0.100.202403111256/tools/bin/../lib/gcc/arm-none-eabi/12.3.1/../../../../arm-none-eabi/lib/thumb/v6-m/nofp\libc.a
LOAD C:/ST/STM32CubeIDE_1.15.0/STM32CubeIDE/plugins/com.st.stm32cube.ide.mcu.externaltools.gnu-tools-for-stm32.12.3.rel1.win32_1.0.100.202403111256/tools/bin/../lib/gcc/arm-none-eabi/12.3.1/../../../../arm-none-eabi/lib/thumb/v6-m/nofp\libm.a
LOAD C:/ST/STM32CubeIDE_1.15.0/STM32CubeIDE/plugins/com.st.stm32cube.ide.mcu.externaltools.gnu-tools-for-stm32.12.3.rel1.win32_1.0.100.202403111256/tools/bin/../lib/gcc/arm-none-eabi/12.3.1/thumb/v6-m/nofp\libgcc.a

.debug_info     0x00000000    0x14166
 .debug_info    0x00000000      0x7d9 ./Core/Src/dwt_delay.o
 .debug_info    0x000007d9     0x229d ./Core/Src/main.o
 .debug_info    0x00002a76     0x17f2 ./Core/Src/nRF24L01P.o
 .debug_info    0x00004268      0x9bf ./Core/Src/ssd1306.o
 .debug_info    0x00004c27     0x164c ./Core/Src/stm32g0xx_hal_msp.o
 .debug_info    0x00006273      0x44a ./Core/Src/stm32g0xx_it.o
 .debug_info    0x000066bd      0x316 ./Core/Src/system_stm32g0xx.o
 .debug_info    0x000069d3       0x30 ./Core/Startup/startup_stm32g031f6px.o
 .debug_info    0x00006a03      0xa2f ./Drivers/STM32G0xx_HAL_Driver/Src/stm32g0xx_hal.o
 .debug_info    0x00007432     0x155e ./Drivers/STM32G0xx_HAL_Driver/Src/stm32g0xx_hal_adc.o
 .debug_info    0x00008990      0x8c7 ./Drivers/STM32G0xx_HAL_Driver/Src/stm32g0xx_hal_cortex.o
 .debug_info    0x00009257      0x86b ./Drivers/STM32G0xx_HAL_Driver/Src/stm32g0xx_hal_dma.o
 .debug_info    0x00009ac2      0x59d ./Drivers/STM32G0xx_HAL_Driver/Src/stm32g0xx_hal_gpio.o
 .debug_info    0x0000a05f     0x21bc ./Drivers/STM32G0xx_HAL_Driver/Src/stm32g0xx_hal_i2c.o
 .debug_info    0x0000c21b      0x9d9 ./Drivers/STM32G0xx_HAL_Driver/Src/stm32g0xx_hal_i2c_ex.o
 .debug_info    0x0000cbf4      0x77d ./Drivers/STM32G0xx_HAL_Driver/Src/stm32g0xx_hal_pwr_ex.o
 .debug_info    0x0000d371      0xb1b ./Drivers/STM32G0xx_HAL_Driver/Src/stm32g0xx_hal_rcc.o
 .debug_info    0x0000de8c      0x75b ./Drivers/STM32G0xx_HAL_Driver/Src/stm32g0xx_hal_rcc_ex.o
 .debug_info    0x0000e5e7     0x1720 ./Drivers/STM32G0xx_HAL_Driver/Src/stm32g0xx_hal_spi.o
 .debug_info    0x0000fd07     0x2ba7 ./Drivers/STM32G0xx_HAL_Driver/Src/stm32g0xx_hal_tim.o
 .debug_info    0x000128ae     0x18b8 ./Drivers/STM32G0xx_HAL_Driver/Src/stm32g0xx_hal_tim_ex.o

.debug_abbrev   0x00000000     0x2df9
 .debug_abbrev  0x00000000      0x1ba ./Core/Src/dwt_delay.o
 .debug_abbrev  0x000001ba      0x3a7 ./Core/Src/main.o
 .debug_abbrev  0x00000561      0x28a ./Core/Src/nRF24L01P.o
 .debug_abbrev  0x000007eb      0x248 ./Core/Src/ssd1306.o
 .debug_abbrev  0x00000a33      0x263 ./Core/Src/stm32g0xx_hal_msp.o
 .debug_abbrev  0x00000c96      0x161 ./Core/Src/stm32g0xx_it.o
 .debug_abbrev  0x00000df7      0x119 ./Core/Src/system_stm32g0xx.o
 .debug_abbrev  0x00000f10       0x24 ./Core/Startup/startup_stm32g031f6px.o
 .debug_abbrev  0x00000f34      0x2b6 ./Drivers/STM32G0xx_HAL_Driver/Src/stm32g0xx_hal.o
 .debug_abbrev  0x000011ea      0x267 ./Drivers/STM32G0xx_HAL_Driver/Src/stm32g0xx_hal_adc.o
 .debug_abbrev  0x00001451      0x2ab ./Drivers/STM32G0xx_HAL_Driver/Src/stm32g0xx_hal_cortex.o
 .debug_abbrev  0x000016fc      0x1e1 ./Drivers/STM32G0xx_HAL_Driver/Src/stm32g0xx_hal_dma.o
 .debug_abbrev  0x000018dd      0x1c3 ./Drivers/STM32G0xx_HAL_Driver/Src/stm32g0xx_hal_gpio.o
 .debug_abbrev  0x00001aa0      0x291 ./Drivers/STM32G0xx_HAL_Driver/Src/stm32g0xx_hal_i2c.o
 .debug_abbrev  0x00001d31      0x1ea ./Drivers/STM32G0xx_HAL_Driver/Src/stm32g0xx_hal_i2c_ex.o
 .debug_abbrev  0x00001f1b      0x237 ./Drivers/STM32G0xx_HAL_Driver/Src/stm32g0xx_hal_pwr_ex.o
 .debug_abbrev  0x00002152      0x2a9 ./Drivers/STM32G0xx_HAL_Driver/Src/stm32g0xx_hal_rcc.o
 .debug_abbrev  0x000023fb      0x229 ./Drivers/STM32G0xx_HAL_Driver/Src/stm32g0xx_hal_rcc_ex.o
 .debug_abbrev  0x00002624      0x28f ./Drivers/STM32G0xx_HAL_Driver/Src/stm32g0xx_hal_spi.o
 .debug_abbrev  0x000028b3      0x29b ./Drivers/STM32G0xx_HAL_Driver/Src/stm32g0xx_hal_tim.o
 .debug_abbrev  0x00002b4e      0x2ab ./Drivers/STM32G0xx_HAL_Driver/Src/stm32g0xx_hal_tim_ex.o

.debug_aranges  0x00000000     0x1458
 .debug_aranges
                0x00000000       0x28 ./Core/Src/dwt_delay.o
 .debug_aranges
                0x00000028       0x88 ./Core/Src/main.o
 .debug_aranges
                0x000000b0      0x160 ./Core/Src/nRF24L01P.o
 .debug_aranges
                0x00000210       0x58 ./Core/Src/ssd1306.o
 .debug_aranges
                0x00000268       0x60 ./Core/Src/stm32g0xx_hal_msp.o
 .debug_aranges
                0x000002c8       0x48 ./Core/Src/stm32g0xx_it.o
 .debug_aranges
                0x00000310       0x28 ./Core/Src/system_stm32g0xx.o
 .debug_aranges
                0x00000338       0x28 ./Core/Startup/startup_stm32g031f6px.o
 .debug_aranges
                0x00000360      0x128 ./Drivers/STM32G0xx_HAL_Driver/Src/stm32g0xx_hal.o
 .debug_aranges
                0x00000488      0x1f0 ./Drivers/STM32G0xx_HAL_Driver/Src/stm32g0xx_hal_adc.o
 .debug_aranges
                0x00000678       0xe8 ./Drivers/STM32G0xx_HAL_Driver/Src/stm32g0xx_hal_cortex.o
 .debug_aranges
                0x00000760       0x90 ./Drivers/STM32G0xx_HAL_Driver/Src/stm32g0xx_hal_dma.o
 .debug_aranges
                0x000007f0       0x60 ./Drivers/STM32G0xx_HAL_Driver/Src/stm32g0xx_hal_gpio.o
 .debug_aranges
                0x00000850      0x2a0 ./Drivers/STM32G0xx_HAL_Driver/Src/stm32g0xx_hal_i2c.o
 .debug_aranges
                0x00000af0       0x48 ./Drivers/STM32G0xx_HAL_Driver/Src/stm32g0xx_hal_i2c_ex.o
 .debug_aranges
                0x00000b38       0xf0 ./Drivers/STM32G0xx_HAL_Driver/Src/stm32g0xx_hal_pwr_ex.o
 .debug_aranges
                0x00000c28       0xa0 ./Drivers/STM32G0xx_HAL_Driver/Src/stm32g0xx_hal_rcc.o
 .debug_aranges
                0x00000cc8       0x40 ./Drivers/STM32G0xx_HAL_Driver/Src/stm32g0xx_hal_rcc_ex.o
 .debug_aranges
                0x00000d08      0x1d8 ./Drivers/STM32G0xx_HAL_Driver/Src/stm32g0xx_hal_spi.o
 .debug_aranges
                0x00000ee0      0x3e0 ./Drivers/STM32G0xx_HAL_Driver/Src/stm32g0xx_hal_tim.o
 .debug_aranges
                0x000012c0      0x198 ./Drivers/STM32G0xx_HAL_Driver/Src/stm32g0xx_hal_tim_ex.o

.debug_rnglists
                0x00000000      0xfe3
 .debug_rnglists
                0x00000000       0x19 ./Core/Src/dwt_delay.o
 .debug_rnglists
                0x00000019       0x69 ./Core/Src/main.o
 .debug_rnglists
                0x00000082      0x10f ./Core/Src/nRF24L01P.o
 .debug_rnglists
                0x00000191       0x40 ./Core/Src/ssd1306.o
 .debug_rnglists
                0x000001d1       0x46 ./Core/Src/stm32g0xx_hal_msp.o
 .debug_rnglists
                0x00000217       0x31 ./Core/Src/stm32g0xx_it.o
 .debug_rnglists
                0x00000248       0x1a ./Core/Src/system_stm32g0xx.o
 .debug_rnglists
                0x00000262       0x19 ./Core/Startup/startup_stm32g031f6px.o
 .debug_rnglists
                0x0000027b       0xda ./Drivers/STM32G0xx_HAL_Driver/Src/stm32g0xx_hal.o
 .debug_rnglists
                0x00000355      0x17f ./Drivers/STM32G0xx_HAL_Driver/Src/stm32g0xx_hal_adc.o
 .debug_rnglists
                0x000004d4       0xaa ./Drivers/STM32G0xx_HAL_Driver/Src/stm32g0xx_hal_cortex.o
 .debug_rnglists
                0x0000057e       0x72 ./Drivers/STM32G0xx_HAL_Driver/Src/stm32g0xx_hal_dma.o
 .debug_rnglists
                0x000005f0       0x45 ./Drivers/STM32G0xx_HAL_Driver/Src/stm32g0xx_hal_gpio.o
 .debug_rnglists
                0x00000635      0x229 ./Drivers/STM32G0xx_HAL_Driver/Src/stm32g0xx_hal_i2c.o
 .debug_rnglists
                0x0000085e       0x35 ./Drivers/STM32G0xx_HAL_Driver/Src/stm32g0xx_hal_i2c_ex.o
 .debug_rnglists
                0x00000893       0xb5 ./Drivers/STM32G0xx_HAL_Driver/Src/stm32g0xx_hal_pwr_ex.o
 .debug_rnglists
                0x00000948       0x79 ./Drivers/STM32G0xx_HAL_Driver/Src/stm32g0xx_hal_rcc.o
 .debug_rnglists
                0x000009c1       0x30 ./Drivers/STM32G0xx_HAL_Driver/Src/stm32g0xx_hal_rcc_ex.o
 .debug_rnglists
                0x000009f1      0x17a ./Drivers/STM32G0xx_HAL_Driver/Src/stm32g0xx_hal_spi.o
 .debug_rnglists
                0x00000b6b      0x32a ./Drivers/STM32G0xx_HAL_Driver/Src/stm32g0xx_hal_tim.o
 .debug_rnglists
                0x00000e95      0x14e ./Drivers/STM32G0xx_HAL_Driver/Src/stm32g0xx_hal_tim_ex.o

.debug_macro    0x00000000    0x17ed0
 .debug_macro   0x00000000      0x22a ./Core/Src/dwt_delay.o
 .debug_macro   0x0000022a      0xa8a ./Core/Src/dwt_delay.o
 .debug_macro   0x00000cb4      0x129 ./Core/Src/dwt_delay.o
 .debug_macro   0x00000ddd       0x2e ./Core/Src/dwt_delay.o
 .debug_macro   0x00000e0b       0x28 ./Core/Src/dwt_delay.o
 .debug_macro   0x00000e33       0x22 ./Core/Src/dwt_delay.o
 .debug_macro   0x00000e55       0x8e ./Core/Src/dwt_delay.o
 .debug_macro   0x00000ee3       0x51 ./Core/Src/dwt_delay.o
 .debug_macro   0x00000f34      0x103 ./Core/Src/dwt_delay.o
 .debug_macro   0x00001037       0x6a ./Core/Src/dwt_delay.o
 .debug_macro   0x000010a1      0x1df ./Core/Src/dwt_delay.o
 .debug_macro   0x00001280       0x1c ./Core/Src/dwt_delay.o
 .debug_macro   0x0000129c       0x22 ./Core/Src/dwt_delay.o
 .debug_macro   0x000012be       0xd1 ./Core/Src/dwt_delay.o
 .debug_macro   0x0000138f      0x4da ./Core/Src/dwt_delay.o
 .debug_macro   0x00001869      0x11f ./Core/Src/dwt_delay.o
 .debug_macro   0x00001988     0xac2c ./Core/Src/dwt_delay.o
 .debug_macro   0x0000c5b4       0x66 ./Core/Src/dwt_delay.o
 .debug_macro   0x0000c61a     0x350e ./Core/Src/dwt_delay.o
 .debug_macro   0x0000fb28      0x189 ./Core/Src/dwt_delay.o
 .debug_macro   0x0000fcb1       0x5c ./Core/Src/dwt_delay.o
 .debug_macro   0x0000fd0d      0x518 ./Core/Src/dwt_delay.o
 .debug_macro   0x00010225      0xf70 ./Core/Src/dwt_delay.o
 .debug_macro   0x00011195      0x1d8 ./Core/Src/dwt_delay.o
 .debug_macro   0x0001136d      0x1cf ./Core/Src/dwt_delay.o
 .debug_macro   0x0001153c      0x122 ./Core/Src/dwt_delay.o
 .debug_macro   0x0001165e      0x390 ./Core/Src/dwt_delay.o
 .debug_macro   0x000119ee      0x202 ./Core/Src/dwt_delay.o
 .debug_macro   0x00011bf0      0x2ff ./Core/Src/dwt_delay.o
 .debug_macro   0x00011eef      0x1b2 ./Core/Src/dwt_delay.o
 .debug_macro   0x000120a1       0x43 ./Core/Src/dwt_delay.o
 .debug_macro   0x000120e4      0x1f1 ./Core/Src/dwt_delay.o
 .debug_macro   0x000122d5      0x8a8 ./Core/Src/dwt_delay.o
 .debug_macro   0x00012b7d      0x5b4 ./Core/Src/dwt_delay.o
 .debug_macro   0x00013131       0x2e ./Core/Src/dwt_delay.o
 .debug_macro   0x0001315f      0x1d6 ./Core/Src/dwt_delay.o
 .debug_macro   0x00013335      0x38a ./Core/Src/dwt_delay.o
 .debug_macro   0x000136bf       0x28 ./Core/Src/dwt_delay.o
 .debug_macro   0x000136e7       0xe4 ./Core/Src/dwt_delay.o
 .debug_macro   0x000137cb      0x22c ./Core/Src/dwt_delay.o
 .debug_macro   0x000139f7       0x67 ./Core/Src/dwt_delay.o
 .debug_macro   0x00013a5e       0xa5 ./Core/Src/dwt_delay.o
 .debug_macro   0x00013b03      0x10c ./Core/Src/dwt_delay.o
 .debug_macro   0x00013c0f      0x240 ./Core/Src/dwt_delay.o
 .debug_macro   0x00013e4f      0x2fe ./Core/Src/dwt_delay.o
 .debug_macro   0x0001414d      0xac2 ./Core/Src/dwt_delay.o
 .debug_macro   0x00014c0f      0x135 ./Core/Src/dwt_delay.o
 .debug_macro   0x00014d44      0x49d ./Core/Src/dwt_delay.o
 .debug_macro   0x000151e1       0x10 ./Core/Src/dwt_delay.o
 .debug_macro   0x000151f1      0x259 ./Core/Src/main.o
 .debug_macro   0x0001544a       0x34 ./Core/Src/main.o
 .debug_macro   0x0001547e       0x22 ./Core/Src/main.o
 .debug_macro   0x000154a0       0xee ./Core/Src/main.o
 .debug_macro   0x0001558e      0x239 ./Core/Src/nRF24L01P.o
 .debug_macro   0x000157c7       0xe8 ./Core/Src/nRF24L01P.o
 .debug_macro   0x000158af      0x234 ./Core/Src/ssd1306.o
 .debug_macro   0x00015ae3      0x230 ./Core/Src/stm32g0xx_hal_msp.o
 .debug_macro   0x00015d13      0x23a ./Core/Src/stm32g0xx_it.o
 .debug_macro   0x00015f4d      0x221 ./Core/Src/system_stm32g0xx.o
 .debug_macro   0x0001616e      0x245 ./Drivers/STM32G0xx_HAL_Driver/Src/stm32g0xx_hal.o
 .debug_macro   0x000163b3      0x245 ./Drivers/STM32G0xx_HAL_Driver/Src/stm32g0xx_hal_adc.o
 .debug_macro   0x000165f8      0x221 ./Drivers/STM32G0xx_HAL_Driver/Src/stm32g0xx_hal_cortex.o
 .debug_macro   0x00016819      0x221 ./Drivers/STM32G0xx_HAL_Driver/Src/stm32g0xx_hal_dma.o
 .debug_macro   0x00016a3a      0x228 ./Drivers/STM32G0xx_HAL_Driver/Src/stm32g0xx_hal_gpio.o
 .debug_macro   0x00016c62      0x2ed ./Drivers/STM32G0xx_HAL_Driver/Src/stm32g0xx_hal_i2c.o
 .debug_macro   0x00016f4f      0x221 ./Drivers/STM32G0xx_HAL_Driver/Src/stm32g0xx_hal_i2c_ex.o
 .debug_macro   0x00017170      0x24b ./Drivers/STM32G0xx_HAL_Driver/Src/stm32g0xx_hal_pwr_ex.o
 .debug_macro   0x000173bb      0x263 ./Drivers/STM32G0xx_HAL_Driver/Src/stm32g0xx_hal_rcc.o
 .debug_macro   0x0001761e      0x239 ./Drivers/STM32G0xx_HAL_Driver/Src/stm32g0xx_hal_rcc_ex.o
 .debug_macro   0x00017857      0x229 ./Drivers/STM32G0xx_HAL_Driver/Src/stm32g0xx_hal_spi.o
 .debug_macro   0x00017a80      0x229 ./Drivers/STM32G0xx_HAL_Driver/Src/stm32g0xx_hal_tim.o
 .debug_macro   0x00017ca9      0x227 ./Drivers/STM32G0xx_HAL_Driver/Src/stm32g0xx_hal_tim_ex.o

.debug_line     0x00000000    0x17f28
 .debug_line    0x00000000      0x82b ./Core/Src/dwt_delay.o
 .debug_line    0x0000082b      0xc1f ./Core/Src/main.o
 .debug_line    0x0000144a     0x11c0 ./Core/Src/nRF24L01P.o
 .debug_line    0x0000260a      0xa34 ./Core/Src/ssd1306.o
 .debug_line    0x0000303e      0x970 ./Core/Src/stm32g0xx_hal_msp.o
 .debug_line    0x000039ae      0x884 ./Core/Src/stm32g0xx_it.o
 .debug_line    0x00004232      0x87a ./Core/Src/system_stm32g0xx.o
 .debug_line    0x00004aac       0x7b ./Core/Startup/startup_stm32g031f6px.o
 .debug_line    0x00004b27      0xbc8 ./Drivers/STM32G0xx_HAL_Driver/Src/stm32g0xx_hal.o
 .debug_line    0x000056ef     0x19e9 ./Drivers/STM32G0xx_HAL_Driver/Src/stm32g0xx_hal_adc.o
 .debug_line    0x000070d8      0xc55 ./Drivers/STM32G0xx_HAL_Driver/Src/stm32g0xx_hal_cortex.o
 .debug_line    0x00007d2d      0xe57 ./Drivers/STM32G0xx_HAL_Driver/Src/stm32g0xx_hal_dma.o
 .debug_line    0x00008b84      0xc39 ./Drivers/STM32G0xx_HAL_Driver/Src/stm32g0xx_hal_gpio.o
 .debug_line    0x000097bd     0x3af2 ./Drivers/STM32G0xx_HAL_Driver/Src/stm32g0xx_hal_i2c.o
 .debug_line    0x0000d2af      0xa25 ./Drivers/STM32G0xx_HAL_Driver/Src/stm32g0xx_hal_i2c_ex.o
 .debug_line    0x0000dcd4      0xb99 ./Drivers/STM32G0xx_HAL_Driver/Src/stm32g0xx_hal_pwr_ex.o
 .debug_line    0x0000e86d      0xfd9 ./Drivers/STM32G0xx_HAL_Driver/Src/stm32g0xx_hal_rcc.o
 .debug_line    0x0000f846      0xd09 ./Drivers/STM32G0xx_HAL_Driver/Src/stm32g0xx_hal_rcc_ex.o
 .debug_line    0x0001054f     0x2003 ./Drivers/STM32G0xx_HAL_Driver/Src/stm32g0xx_hal_spi.o
 .debug_line    0x00012552     0x3ce7 ./Drivers/STM32G0xx_HAL_Driver/Src/stm32g0xx_hal_tim.o
 .debug_line    0x00016239     0x1cef ./Drivers/STM32G0xx_HAL_Driver/Src/stm32g0xx_hal_tim_ex.o

.debug_str      0x00000000    0x9a031
 .debug_str     0x00000000    0x9365b ./Core/Src/dwt_delay.o
                              0x93dcc (size before relaxing)
 .debug_str     0x0009365b     0x1b2c ./Core/Src/main.o
                              0x959f7 (size before relaxing)
 .debug_str     0x00095187      0x4a6 ./Core/Src/nRF24L01P.o
                              0x94cbd (size before relaxing)
 .debug_str     0x0009562d       0xc9 ./Core/Src/ssd1306.o
                              0x93e97 (size before relaxing)
 .debug_str     0x000956f6      0x206 ./Core/Src/stm32g0xx_hal_msp.o
                              0x94875 (size before relaxing)
 .debug_str     0x000958fc       0xae ./Core/Src/stm32g0xx_it.o
                              0x93ba2 (size before relaxing)
 .debug_str     0x000959aa       0x8e ./Core/Src/system_stm32g0xx.o
                              0x93897 (size before relaxing)
 .debug_str     0x00095a38       0x44 ./Core/Startup/startup_stm32g031f6px.o
                                 0x87 (size before relaxing)
 .debug_str     0x00095a7c      0x55d ./Drivers/STM32G0xx_HAL_Driver/Src/stm32g0xx_hal.o
                              0x9406d (size before relaxing)
 .debug_str     0x00095fd9      0x8c8 ./Drivers/STM32G0xx_HAL_Driver/Src/stm32g0xx_hal_adc.o
                              0x94652 (size before relaxing)
 .debug_str     0x000968a1      0x29f ./Drivers/STM32G0xx_HAL_Driver/Src/stm32g0xx_hal_cortex.o
                              0x93d21 (size before relaxing)
 .debug_str     0x00096b40      0x269 ./Drivers/STM32G0xx_HAL_Driver/Src/stm32g0xx_hal_dma.o
                              0x93d31 (size before relaxing)
 .debug_str     0x00096da9      0x134 ./Drivers/STM32G0xx_HAL_Driver/Src/stm32g0xx_hal_gpio.o
                              0x939cc (size before relaxing)
 .debug_str     0x00096edd      0xdac ./Drivers/STM32G0xx_HAL_Driver/Src/stm32g0xx_hal_i2c.o
                              0x94c5a (size before relaxing)
 .debug_str     0x00097c89       0xb8 ./Drivers/STM32G0xx_HAL_Driver/Src/stm32g0xx_hal_i2c_ex.o
                              0x93ed6 (size before relaxing)
 .debug_str     0x00097d41      0x37b ./Drivers/STM32G0xx_HAL_Driver/Src/stm32g0xx_hal_pwr_ex.o
                              0x93d10 (size before relaxing)
 .debug_str     0x000980bc      0x49c ./Drivers/STM32G0xx_HAL_Driver/Src/stm32g0xx_hal_rcc.o
                              0x93fed (size before relaxing)
 .debug_str     0x00098558      0x185 ./Drivers/STM32G0xx_HAL_Driver/Src/stm32g0xx_hal_rcc_ex.o
                              0x93c26 (size before relaxing)
 .debug_str     0x000986dd      0x53a ./Drivers/STM32G0xx_HAL_Driver/Src/stm32g0xx_hal_spi.o
                              0x9427d (size before relaxing)
 .debug_str     0x00098c17      0xe2a ./Drivers/STM32G0xx_HAL_Driver/Src/stm32g0xx_hal_tim.o
                              0x94dd9 (size before relaxing)
 .debug_str     0x00099a41      0x5f0 ./Drivers/STM32G0xx_HAL_Driver/Src/stm32g0xx_hal_tim_ex.o
                              0x94767 (size before relaxing)

.comment        0x00000000       0x43
 .comment       0x00000000       0x43 ./Core/Src/dwt_delay.o
                                 0x44 (size before relaxing)
 .comment       0x00000043       0x44 ./Core/Src/main.o
 .comment       0x00000043       0x44 ./Core/Src/nRF24L01P.o
 .comment       0x00000043       0x44 ./Core/Src/ssd1306.o
 .comment       0x00000043       0x44 ./Core/Src/stm32g0xx_hal_msp.o
 .comment       0x00000043       0x44 ./Core/Src/stm32g0xx_it.o
 .comment       0x00000043       0x44 ./Core/Src/system_stm32g0xx.o
 .comment       0x00000043       0x44 ./Drivers/STM32G0xx_HAL_Driver/Src/stm32g0xx_hal.o
 .comment       0x00000043       0x44 ./Drivers/STM32G0xx_HAL_Driver/Src/stm32g0xx_hal_adc.o
 .comment       0x00000043       0x44 ./Drivers/STM32G0xx_HAL_Driver/Src/stm32g0xx_hal_cortex.o
 .comment       0x00000043       0x44 ./Drivers/STM32G0xx_HAL_Driver/Src/stm32g0xx_hal_dma.o
 .comment       0x00000043       0x44 ./Drivers/STM32G0xx_HAL_Driver/Src/stm32g0xx_hal_gpio.o
 .comment       0x00000043       0x44 ./Drivers/STM32G0xx_HAL_Driver/Src/stm32g0xx_hal_i2c.o
 .comment       0x00000043       0x44 ./Drivers/STM32G0xx_HAL_Driver/Src/stm32g0xx_hal_i2c_ex.o
 .comment       0x00000043       0x44 ./Drivers/STM32G0xx_HAL_Driver/Src/stm32g0xx_hal_pwr_ex.o
 .comment       0x00000043       0x44 ./Drivers/STM32G0xx_HAL_Driver/Src/stm32g0xx_hal_rcc.o
 .comment       0x00000043       0x44 ./Drivers/STM32G0xx_HAL_Driver/Src/stm32g0xx_hal_rcc_ex.o
 .comment       0x00000043       0x44 ./Drivers/STM32G0xx_HAL_Driver/Src/stm32g0xx_hal_spi.o
 .comment       0x00000043       0x44 ./Drivers/STM32G0xx_HAL_Driver/Src/stm32g0xx_hal_tim.o
 .comment       0x00000043       0x44 ./Drivers/STM32G0xx_HAL_Driver/Src/stm32g0xx_hal_tim_ex.o

.debug_frame    0x00000000     0x4a90
 .debug_frame   0x00000000       0x4c ./Core/Src/dwt_delay.o
 .debug_frame   0x0000004c      0x1cc ./Core/Src/main.o
 .debug_frame   0x00000218      0x550 ./Core/Src/nRF24L01P.o
 .debug_frame   0x00000768      0x10c ./Core/Src/ssd1306.o
 .debug_frame   0x00000874      0x130 ./Core/Src/stm32g0xx_hal_msp.o
 .debug_frame   0x000009a4       0xb8 ./Core/Src/stm32g0xx_it.o
 .debug_frame   0x00000a5c       0x4c ./Core/Src/system_stm32g0xx.o
 .debug_frame   0x00000aa8      0x3fc ./Drivers/STM32G0xx_HAL_Driver/Src/stm32g0xx_hal.o
 .debug_frame   0x00000ea4      0x78c ./Drivers/STM32G0xx_HAL_Driver/Src/stm32g0xx_hal_adc.o
 .debug_frame   0x00001630      0x33c ./Drivers/STM32G0xx_HAL_Driver/Src/stm32g0xx_hal_cortex.o
 .debug_frame   0x0000196c      0x1f0 ./Drivers/STM32G0xx_HAL_Driver/Src/stm32g0xx_hal_dma.o
 .debug_frame   0x00001b5c      0x130 ./Drivers/STM32G0xx_HAL_Driver/Src/stm32g0xx_hal_gpio.o
 .debug_frame   0x00001c8c      0xa68 ./Drivers/STM32G0xx_HAL_Driver/Src/stm32g0xx_hal_i2c.o
 .debug_frame   0x000026f4       0xd0 ./Drivers/STM32G0xx_HAL_Driver/Src/stm32g0xx_hal_i2c_ex.o
 .debug_frame   0x000027c4      0x32c ./Drivers/STM32G0xx_HAL_Driver/Src/stm32g0xx_hal_pwr_ex.o
 .debug_frame   0x00002af0      0x214 ./Drivers/STM32G0xx_HAL_Driver/Src/stm32g0xx_hal_rcc.o
 .debug_frame   0x00002d04       0xb0 ./Drivers/STM32G0xx_HAL_Driver/Src/stm32g0xx_hal_rcc_ex.o
 .debug_frame   0x00002db4      0x710 ./Drivers/STM32G0xx_HAL_Driver/Src/stm32g0xx_hal_spi.o
 .debug_frame   0x000034c4      0xf40 ./Drivers/STM32G0xx_HAL_Driver/Src/stm32g0xx_hal_tim.o
 .debug_frame   0x00004404      0x620 ./Drivers/STM32G0xx_HAL_Driver/Src/stm32g0xx_hal_tim_ex.o
 .debug_frame   0x00004a24       0x20 C:/ST/STM32CubeIDE_1.15.0/STM32CubeIDE/plugins/com.st.stm32cube.ide.mcu.externaltools.gnu-tools-for-stm32.12.3.rel1.win32_1.0.100.202403111256/tools/bin/../lib/gcc/arm-none-eabi/12.3.1/../../../../arm-none-eabi/lib/thumb/v6-m/nofp\libc_nano.a(libc_a-memset.o)
 .debug_frame   0x00004a44       0x2c C:/ST/STM32CubeIDE_1.15.0/STM32CubeIDE/plugins/com.st.stm32cube.ide.mcu.externaltools.gnu-tools-for-stm32.12.3.rel1.win32_1.0.100.202403111256/tools/bin/../lib/gcc/arm-none-eabi/12.3.1/../../../../arm-none-eabi/lib/thumb/v6-m/nofp\libc_nano.a(libc_a-init.o)
 .debug_frame   0x00004a70       0x20 C:/ST/STM32CubeIDE_1.15.0/STM32CubeIDE/plugins/com.st.stm32cube.ide.mcu.externaltools.gnu-tools-for-stm32.12.3.rel1.win32_1.0.100.202403111256/tools/bin/../lib/gcc/arm-none-eabi/12.3.1/thumb/v6-m/nofp\libgcc.a(_udivsi3.o)

.debug_line_str
                0x00000000       0x6b
 .debug_line_str
                0x00000000       0x6b ./Core/Startup/startup_stm32g031f6px.o
