../Core/Src/nRF24L01P.c:4:19:HAL_nRF24L01P_Init	32	static
../Core/Src/nRF24L01P.c:64:19:HAL_nRF24L01P_IRQ_Handler	32	static
../Core/Src/nRF24L01P.c:117:19:HAL_nRF24L01P_ReceivePacket	24	static
../Core/Src/nRF24L01P.c:134:19:HAL_nRF24L01P_TransmitPacket	16	static
../Core/Src/nRF24L01P.c:150:19:HAL_nRF24L01P_TransmitPacketACK	24	static
../Core/Src/nRF24L01P.c:166:19:HAL_nRF24L01P_SetPRXWidth	24	static
../Core/Src/nRF24L01P.c:203:19:HAL_nRF24L01P_SetPTXAddress	32	static
../Core/Src/nRF24L01P.c:215:19:HAL_nRF24L01P_SetPRXAddress	48	static
../Core/Src/nRF24L01P.c:259:19:HAL_nRF24L01P_DPLPipe	24	static
../Core/Src/nRF24L01P.c:283:19:HAL_nRF24L01P_DynPayload	24	static
../Core/Src/nRF24L01P.c:307:19:HAL_nRF24L01P_ACKPayload	24	static
../Core/Src/nRF24L01P.c:331:19:HAL_nRF24L01P_DynACK	24	static
../Core/Src/nRF24L01P.c:355:19:HAL_nRF24L01P_MaxReTransmitIRQ	24	static
../Core/Src/nRF24L01P.c:379:19:HAL_nRF24L01P_TXDataSentIRQ	24	static
../Core/Src/nRF24L01P.c:403:19:HAL_nRF24L01P_RXDataReadyIRQ	24	static
../Core/Src/nRF24L01P.c:427:19:HAL_nRF24L01P_TXRX	24	static
../Core/Src/nRF24L01P.c:453:19:HAL_nRF24L01P_PowerUP	24	static
../Core/Src/nRF24L01P.c:477:19:HAL_nRF24L01P_SetCRCWidth	24	static
../Core/Src/nRF24L01P.c:501:19:HAL_nRF24L01P_CRC	24	static
../Core/Src/nRF24L01P.c:525:19:HAL_nRF24L01P_AutoACK	24	static
../Core/Src/nRF24L01P.c:550:19:HAL_nRF24L01P_RXPipe	24	static
../Core/Src/nRF24L01P.c:576:19:HAL_nRF24L01P_SetAddressWidth	24	static
../Core/Src/nRF24L01P.c:598:19:HAL_nRF24L01P_SetRetransmissionDelay	24	static
../Core/Src/nRF24L01P.c:620:19:HAL_nRF24L01P_SetRetransmissionCount	24	static
../Core/Src/nRF24L01P.c:642:19:HAL_nRF24L01P_SetRFChannel	16	static
../Core/Src/nRF24L01P.c:655:19:HAL_nRF24L01P_ClearInterrupts	24	static
../Core/Src/nRF24L01P.c:675:19:HAL_nRF24L01P_SetContinuousWave	24	static
../Core/Src/nRF24L01P.c:698:19:HAL_nRF24L01P_SetTXPower	24	static
../Core/Src/nRF24L01P.c:717:19:HAL_nRF24L01P_SetDataRate	24	static
../Core/Src/nRF24L01P.c:751:19:HAL_nRF24L01P_FlushTX	32	static
../Core/Src/nRF24L01P.c:763:19:HAL_nRF24L01P_FlushRX	32	static
../Core/Src/nRF24L01P.c:775:19:HAL_nRF24L01P_ReadRXPayload	72	dynamic
../Core/Src/nRF24L01P.c:787:19:HAL_nRF24L01P_WriteTXPayload	72	dynamic
../Core/Src/nRF24L01P.c:799:19:HAL_nRF24L01P_WriteTXPayloadACK	80	dynamic
../Core/Src/nRF24L01P.c:812:19:HAL_nRF24L01P_WriteRegister	48	static
../Core/Src/nRF24L01P.c:824:19:HAL_nRF24L01P_ReadRegister	48	static
../Core/Src/nRF24L01P.c:836:19:HAL_nRF24L01P_SendCommand	128	dynamic
../Core/Src/nRF24L01P.c:864:6:HAL_nRF24L01P_nSS_High	16	static
../Core/Src/nRF24L01P.c:868:6:HAL_nRF24L01P_nSS_Low	16	static
../Core/Src/nRF24L01P.c:872:6:HAL_nRF24L01P_CE_High	16	static
../Core/Src/nRF24L01P.c:876:6:HAL_nRF24L01P_CE_Low	16	static
